// Jest Snapshot v1, https://goo.gl/fbAQLP

exports[`renders correctly 1`] = `
<Modal
  animationType="none"
  hardwareAccelerated={false}
  transparent={true}
  visible={true}
>
  <View
    style={
      Object {
        "alignItems": "center",
        "backgroundColor": "#00000040",
        "flex": 1,
        "flexDirection": "column",
        "justifyContent": "space-around",
      }
    }
  >
    <View
      style={
        Object {
          "alignItems": "center",
          "backgroundColor": "#ffffff",
          "borderRadius": 10,
          "display": "flex",
          "height": 50,
          "justifyContent": "space-around",
          "width": 50,
        }
      }
    >
      <ActivityIndicator
        animating={true}
        color="#999999"
        hidesWhenStopped={true}
        size="small"
      />
    </View>
  </View>
</Modal>
`;
