// Jest Snapshot v1, https://goo.gl/fbAQLP

exports[`Testing HomeScreen renders as expected 1`] = `ShallowWrapper {}`;
